[debug] [2025-10-13T11:03:34.891Z] ----------------------------------------------------------------------
[debug] [2025-10-13T11:03:34.903Z] Command:       D:\node.js\node.exe C:\Users\Tina Tang\AppData\Roaming\npm\node_modules\firebase-tools\lib\bin\firebase.js init functions
[debug] [2025-10-13T11:03:34.903Z] CLI Version:   14.17.0
[debug] [2025-10-13T11:03:34.904Z] Platform:      win32
[debug] [2025-10-13T11:03:34.904Z] Node Version:  v22.17.1
[debug] [2025-10-13T11:03:34.905Z] Time:          Mon Oct 13 2025 22:03:34 GMT+1100 (澳大利亚东部夏令时间)
[debug] [2025-10-13T11:03:34.905Z] ----------------------------------------------------------------------
[debug] 
[debug] [2025-10-13T11:03:34.908Z] >>> [apiv2][query] GET https://firebase-public.firebaseio.com/cli.json [none]
[debug] [2025-10-13T11:03:34.986Z] > command requires scopes: ["email","openid","https://www.googleapis.com/auth/cloudplatformprojects.readonly","https://www.googleapis.com/auth/firebase","https://www.googleapis.com/auth/cloud-platform"]
[debug] [2025-10-13T11:03:34.986Z] > authorizing via signed-in user (rtan0103@student.monash.edu)
[info] 
     ######## #### ########  ######## ########     ###     ######  ########
     ##        ##  ##     ## ##       ##     ##  ##   ##  ##       ##
     ######    ##  ########  ######   ########  #########  ######  ######
     ##        ##  ##    ##  ##       ##     ## ##     ##       ## ##
     ##       #### ##     ## ######## ########  ##     ##  ######  ########

You're about to initialize a Firebase project in this directory:

  E:\MU\FIT5032App\PawerUpNFP

[info] 
=== Project Setup
[info] 
[info] First, let's associate this project directory with a Firebase project.
[info] You can create multiple project aliases by running firebase use --add, 
[info] but for now we'll just set up a default project.
[info] 
[debug] [2025-10-13T11:03:35.528Z] <<< [apiv2][status] GET https://firebase-public.firebaseio.com/cli.json 200
[debug] [2025-10-13T11:03:35.529Z] <<< [apiv2][body] GET https://firebase-public.firebaseio.com/cli.json {"cloudBuildErrorAfter":1594252800000,"cloudBuildWarnAfter":1590019200000,"defaultNode10After":1594252800000,"minVersion":"3.0.5","node8DeploysDisabledAfter":1613390400000,"node8RuntimeDisabledAfter":1615809600000,"node8WarnAfter":1600128000000}
[debug] [2025-10-13T11:39:56.587Z] ExitPromptError: User force closed the prompt with SIGINT
    at Interface.sigint (C:\Users\Tina Tang\AppData\Roaming\npm\node_modules\firebase-tools\node_modules\@inquirer\core\dist\commonjs\lib\create-prompt.js:101:37)
    at Interface.emit (node:events:518:28)
    at Interface.emit (node:domain:489:12)
    at [_ttyWrite] [as _ttyWrite] (node:internal/readline/interface:1132:18)
    at ReadStream.onkeypress (node:internal/readline/interface:271:20)
    at ReadStream.emit (node:events:530:35)
    at ReadStream.emit (node:domain:489:12)
    at emitKeys (node:internal/readline/utils:370:14)
    at emitKeys.next (<anonymous>)
    at ReadStream.onData (node:internal/readline/emitKeypressEvents:64:36)
[error] 
[error] Error: An unexpected error has occurred.
